// Jest Snapshot v1, https://goo.gl/fbAQLP

exports[`<Message /> renders children and message 1`] = `
<Message__MessageWrapper>
  <div>
    some children
  </div>
  example error message
</Message__MessageWrapper>
`;
