// Jest Snapshot v1, https://goo.gl/fbAQLP

exports[`<ExchangeNavigation /> renders ExchangeNavigation 1`] = `
<Route>
  <Component />
</Route>
`;
