// Jest Snapshot v1, https://goo.gl/fbAQLP

exports[`<Loader /> renders loader 1`] = `
<Loader__Background>
  <Loader__StyledSpinner />
</Loader__Background>
`;
