// Jest Snapshot v1, https://goo.gl/fbAQLP

exports[`<RequestLoader /> renders error component when status is failed 1`] = `
<RequestLoader__Wrapper>
  <Message
    message="something went wrong"
  >
    <RequestLoader__ErrorIcon
      size="35"
    />
  </Message>
</RequestLoader__Wrapper>
`;
